version: 2
project_name: opentelemetry-operations-collector

env:
  - LD_FLAGS=-s -w
  - CGO_ENABLED=false
  - BUILD_FLAGS=-trimpath
  - GOWORK=off

builds:
  - id: otelcol-basic-linux
    goos:
      - linux
    goarch:
      - "386"
      - amd64
      - arm64
    goarm:
      - "7"
    binary: otelcol-basic
    dir: _build
    ldflags:
      - "-s -w"
    flags:
      - "-trimpath"
      - "-buildvcs=false"

archives:
  - id: basic-distro
    builds:
      - otelcol-basic-linux
    name_template: '{{ .Binary }}_{{ .Version }}_{{ .Os }}_{{ .Arch }}{{ if .Arm }}v{{ .Arm }}{{ end }}{{ if .Mips }}_{{ .Mips }}{{ end }}'

nfpms:
  - package_name: otelcol-basic
    contents:
      - src: otelcol-basic.service
        dst: /lib/systemd/system/otelcol-basic.service
      - src: otelcol-basic.conf
        dst: /etc/otelcol-basic/otelcol-basic.conf
        type: config|noreplace
      - src: config.yaml
        dst: /etc/otelcol-basic/config.yaml
        type: config|noreplace
    scripts:
      preinstall: preinstall.sh
      postinstall: postinstall.sh
      preremove: preremove.sh
    overrides:
      rpm:
        dependencies:
          - /bin/sh
    id: otelcol-basic
    builds:
      - otelcol-basic-linux
    formats:
      - deb
      - rpm
    maintainer: Google Cloud Platform <google@google.com> # something better than this
    description: A basic distribution of the OpenTelemetry Collector
    license: Apache 2.0