name: basic-distro
module: ""
display_name: Basic OTel
description: A basic distribution of the OpenTelemetry Collector
blurb: A basic collector distro
build_container: ubuntu
version: 0.121.0
opentelemetry_version: 0.121.0
opentelemetry_contrib_version: 0.121.0
opentelemetry_stable_version: 1.27.0
go_version: 1.24.0
binary_name: otelcol-basic
build_tags: ""
collector_cgo: true
boringcrypto: false
docker_repo: us-docker.pkg.dev/pretend-repo/otelcol-basic
components:
    receivers:
        - otlp
    processors:
        - batch
        - memorylimiter
    exporters:
        - otlp
    connectors:
        - forward
    extensions:
        - pprof
    providers:
        - yaml
feature_gates:
    - exporter.googlemanagedprometheus.intToDouble
