{
  "operations": [
    {
      "consumerId": "projects/my-project-id",
      "endTime": "1970-01-01T00:00:00Z",
      "labels": {
        "cloud.platform": "gcp_compute_engine"
      },
      "logEntries": [
        {
          "labels": {
            "log.file.name": "test.log"
          },
          "name": "apache-error-fixture",
          "structPayload": {
            "message": "[pid 769:tid 140159306111872] AH00094: Command line: '/usr/local/apache/bin/httpd'",
            "severity": "notice",
            "time": "Tue Apr 26 22:48:35.606298 2022"
          },
          "timestamp": "2020-02-11T20:26:13.000000789Z"
        }
      ],
      "operationName": "log_entry",
      "startTime": "1970-01-01T00:00:00Z"
    }
  ],
  "serviceConfigId": "111-222-333",
  "serviceName": "slmmonitoringdemo.sandbox.googleapis.com"
}
