{
  "serviceName":  "slmmonitoringdemo.sandbox.googleapis.com",
  "operations":  [
    {
      "operationName":  "log_entry",
      "consumerId":  "projects/my-project-id",
      "startTime":  "1970-01-01T00:00:00Z",
      "endTime":  "1970-01-01T00:00:00Z",
      "labels":  {
        "cloud.platform":  "gcp_compute_engine",
        "service.name":  "apache_service",
        "service.namespace":  ""
      },
      "logEntries":  [
        {
          "name":  "my-log-name-foo",
          "timestamp":  "2022-04-26T14:53:36Z",
          "severity":  "ERROR",
          "textPayload":  "127.0.0.1 - - [26/Apr/2022:22:53:36 +0800] \"GET / HTTP/1.1\" 200 1247"
        },
        {
          "name":  "my-log-name-foo",
          "timestamp":  "2022-04-26T14:53:36Z",
          "severity":  "ERROR",
          "textPayload":  "127.0.0.1 - - [26/Apr/2022:22:53:36 +0800] \"GET / HTTP/1.1\" 200 1247"
        }
      ]
    }
  ],
  "serviceConfigId":  "111-222-333"
}
