{
  "operations": [
    {
      "consumerId": "projects/my-project-id",
      "endTime": "1970-01-01T00:00:00Z",
      "labels": {
        "cloud.platform": "gcp_compute_engine",
        "service.name": "apache_service",
        "service.namespace": ""
      },
      "logEntries": [
        {
          "httpRequest": {
            "protocol": "HTTP/1.1",
            "remoteIp": "127.0.0.1",
            "requestMethod": "GET",
            "requestUrl": "/",
            "responseSize": "1247",
            "status": 200
          },
          "labels": {
            "log.file.name": "test.log",
            "single-attribute": "foobar"
          },
          "name": "this-is-log-name",
          "textPayload": "127.0.0.1 - - [26/Apr/2022:22:53:36 +0800] \"GET / HTTP/1.1\" 200 1247",
          "timestamp": "2022-04-26T14:53:36Z"
        },
        {
          "httpRequest": {
            "protocol": "HTTP/1.1",
            "remoteIp": "127.0.0.1",
            "requestMethod": "GET",
            "requestUrl": "/lamp.png",
            "responseSize": "51164",
            "status": 200
          },
          "labels": {
            "log.file.name": "test.log"
          },
          "name": "this-is-log-name",
          "textPayload": "127.0.0.1 - - [26/Apr/2022:22:53:37 +0800] \"GET /lamp.png HTTP/1.1\" 200 51164",
          "timestamp": "2020-02-11T20:26:13.000000789Z"
        },
        {
          "httpRequest": {
            "protocol": "HTTP/1.1",
            "remoteIp": "127.0.0.1",
            "requestMethod": "GET",
            "requestUrl": "/favicon.ico",
            "responseSize": "3990",
            "status": 200
          },
          "labels": {
            "log.file.name": "test.log"
          },
          "name": "this-is-log-name",
          "textPayload": "127.0.0.1 - - [26/Apr/2022:22:53:37 +0800] \"GET /favicon.ico HTTP/1.1\" 200 3990",
          "timestamp": "2020-02-11T20:26:13.000000789Z"
        },
        {
          "httpRequest": {
            "protocol": "HTTP/1.1",
            "remoteIp": "127.0.0.1",
            "requestMethod": "GET",
            "requestUrl": "/",
            "responseSize": "1247",
            "status": 200
          },
          "labels": {
            "log.file.name": "test.log"
          },
          "name": "this-is-log-name",
          "textPayload": "127.0.0.1 - - [26/Apr/2022:22:53:51 +0800] \"GET / HTTP/1.1\" 200 1247",
          "timestamp": "2020-02-11T20:26:13.000000789Z"
        },
        {
          "httpRequest": {
            "protocol": "HTTP/1.1",
            "remoteIp": "127.0.0.1",
            "requestMethod": "GET",
            "requestUrl": "/",
            "responseSize": "1247",
            "status": 200
          },
          "labels": {
            "log.file.name": "test.log"
          },
          "name": "this-is-log-name",
          "textPayload": "127.0.0.1 - - [26/Apr/2022:22:53:52 +0800] \"GET / HTTP/1.1\" 200 1247",
          "timestamp": "2020-02-11T20:26:13.000000789Z"
        },
        {
          "httpRequest": {
            "protocol": "HTTP/1.1",
            "remoteIp": "127.0.0.1",
            "requestMethod": "GET",
            "requestUrl": "/",
            "responseSize": "1247",
            "status": 200
          },
          "labels": {
            "log.file.name": "test.log"
          },
          "name": "this-is-log-name",
          "textPayload": "127.0.0.1 - - [26/Apr/2022:22:53:53 +0800] \"GET / HTTP/1.1\" 200 1247",
          "timestamp": "2020-02-11T20:26:13.000000789Z"
        },
        {
          "httpRequest": {
            "protocol": "HTTP/1.1",
            "remoteIp": "127.0.0.1",
            "requestMethod": "GET",
            "requestUrl": "/",
            "responseSize": "1247",
            "status": 200
          },
          "labels": {
            "log.file.name": "test.log"
          },
          "name": "my-log-name-foo",
          "textPayload": "127.0.0.1 - - [26/Apr/2022:22:53:53 +0800] \"GET / HTTP/1.1\" 200 1247",
          "timestamp": "2020-02-11T20:26:13.000000789Z"
        },
        {
          "httpRequest": {
            "protocol": "HTTP/1.1",
            "remoteIp": "127.0.0.1",
            "requestMethod": "GET",
            "requestUrl": "/",
            "responseSize": "1247",
            "status": 200
          },
          "labels": {
            "log.file.name": "test.log"
          },
          "name": "my-log-name-foo",
          "textPayload": "127.0.0.1 - - [26/Apr/2022:22:53:53 +0800] \"GET / HTTP/1.1\" 200 1247",
          "timestamp": "2020-02-11T20:26:13.000000789Z"
        },
        {
          "httpRequest": {
            "protocol": "HTTP/1.1",
            "remoteIp": "127.0.0.1",
            "requestMethod": "GET",
            "requestUrl": "/",
            "responseSize": "1247",
            "status": 200
          },
          "labels": {
            "log.file.name": "test.log"
          },
          "name": "my-log-name-foo",
          "textPayload": "127.0.0.1 - - [26/Apr/2022:22:53:53 +0800] \"GET / HTTP/1.1\" 200 1247",
          "timestamp": "2020-02-11T20:26:13.000000789Z"
        },
        {
          "httpRequest": {
            "protocol": "HTTP/1.1",
            "remoteIp": "127.0.0.1",
            "requestMethod": "GET",
            "requestUrl": "/",
            "responseSize": "1247",
            "status": 200
          },
          "labels": {
            "log.file.name": "test.log"
          },
          "name": "my-log-name-foo",
          "textPayload": "127.0.0.1 - - [26/Apr/2022:22:53:54 +0800] \"GET / HTTP/1.1\" 200 1247",
          "timestamp": "2020-02-11T20:26:13.000000789Z"
        },
        {
          "httpRequest": {
            "protocol": "HTTP/1.1",
            "remoteIp": "127.0.0.1",
            "requestMethod": "GET",
            "requestUrl": "/",
            "responseSize": "1247",
            "status": 200
          },
          "labels": {
            "log.file.name": "test.log"
          },
          "name": "my-log-name-foo",
          "textPayload": "127.0.0.1 - - [26/Apr/2022:22:53:54 +0800] \"GET / HTTP/1.1\" 200 1247",
          "timestamp": "2020-02-11T20:26:13.000000789Z"
        },
        {
          "httpRequest": {
            "protocol": "HTTP/1.1",
            "remoteIp": "127.0.0.1",
            "requestMethod": "GET",
            "requestUrl": "/",
            "responseSize": "1247",
            "status": 200
          },
          "labels": {
            "log.file.name": "test.log"
          },
          "name": "my-log-name-foo",
          "textPayload": "127.0.0.1 - - [26/Apr/2022:22:53:54 +0800] \"GET / HTTP/1.1\" 200 1247",
          "timestamp": "2020-02-11T20:26:13.000000789Z"
        },
        {
          "httpRequest": {
            "protocol": "HTTP/1.1",
            "remoteIp": "127.0.0.1",
            "requestMethod": "GET",
            "requestUrl": "/",
            "responseSize": "1247",
            "status": 200
          },
          "labels": {
            "log.file.name": "test.log"
          },
          "name": "my-log-name-foo",
          "textPayload": "127.0.0.1 - - [26/Apr/2022:22:53:54 +0800] \"GET / HTTP/1.1\" 200 1247",
          "timestamp": "2020-02-11T20:26:13.000000789Z"
        },
        {
          "httpRequest": {
            "protocol": "HTTP/1.1",
            "remoteIp": "127.0.0.1",
            "requestMethod": "GET",
            "requestUrl": "/",
            "responseSize": "1247",
            "status": 200
          },
          "labels": {
            "log.file.name": "test.log"
          },
          "name": "my-log-name-foo",
          "textPayload": "127.0.0.1 - - [26/Apr/2022:22:53:54 +0800] \"GET / HTTP/1.1\" 200 1247",
          "timestamp": "2020-02-11T20:26:13.000000789Z"
        },
        {
          "httpRequest": {
            "protocol": "HTTP/1.1",
            "remoteIp": "127.0.0.1",
            "requestMethod": "GET",
            "requestUrl": "/",
            "responseSize": "1247",
            "status": 200
          },
          "labels": {
            "log.file.name": "test.log"
          },
          "name": "my-log-name-foo",
          "textPayload": "127.0.0.1 - - [26/Apr/2022:22:53:54 +0800] \"GET / HTTP/1.1\" 200 1247",
          "timestamp": "2020-02-11T20:26:13.000000789Z"
        },
        {
          "httpRequest": {
            "protocol": "HTTP/1.1",
            "remoteIp": "127.0.0.2",
            "requestMethod": "GET",
            "requestUrl": "/",
            "responseSize": "4429",
            "status": 200
          },
          "labels": {
            "log.file.name": "test.log"
          },
          "name": "my-log-name-foo",
          "textPayload": "127.0.0.2 - - [26/Apr/2022:22:54:38 +0800] \"GET / HTTP/1.1\" 200 4429",
          "timestamp": "2020-02-11T20:26:13.000000789Z"
        },
        {
          "labels": {
            "log.file.name": "test.log"
          },
          "name": "this-is-log-name",
          "textPayload": "127.0.0.1 - - [26/Apr/2022:22:54:43 +0800] \"-\" 408 -",
          "timestamp": "2020-02-11T20:26:13.000000789Z"
        }
      ],
      "operationName": "log_entry",
      "startTime": "1970-01-01T00:00:00Z"
    }
  ],
  "serviceConfigId": "111-222-333",
  "serviceName": "slmmonitoringdemo.sandbox.googleapis.com"
}
