{
  "serviceName":  "slmmonitoringdemo.sandbox.googleapis.com",
  "operations":  [
    {
      "operationName":  "log_entry",
      "consumerId":  "projects/my-project-id",
      "startTime":  "1970-01-01T00:00:00Z",
      "endTime":  "1970-01-01T00:00:00Z",
      "labels":  {
        "cloud.platform":  "gcp_compute_engine"
      },
      "logEntries":  [
        {
          "name":  "multi-project",
          "timestamp":  "2020-02-11T20:26:13.000000789Z",
          "httpRequest":  {
            "requestMethod":  "GET",
            "requestUrl":  "/",
            "status":  200,
            "responseSize":  "1247",
            "remoteIp":  "127.0.0.1",
            "protocol":  "HTTP/1.1"
          },
          "labels":  {
            "log.file.name":  "test.log"
          },
          "textPayload":  "127.0.0.1 - - [26/Apr/2022:22:53:36 +0800] \"GET / HTTP/1.1\" 200 1247"
        },
        {
          "name":  "multi-project",
          "timestamp":  "2020-02-11T20:26:13.000000789Z",
          "httpRequest":  {
            "requestMethod":  "GET",
            "requestUrl":  "/lamp.png",
            "status":  200,
            "responseSize":  "51164",
            "remoteIp":  "127.0.0.1",
            "protocol":  "HTTP/1.1"
          },
          "labels":  {
            "log.file.name":  "test.log"
          },
          "textPayload":  "127.0.0.1 - - [26/Apr/2022:22:53:37 +0800] \"GET /lamp.png HTTP/1.1\" 200 51164"
        },
        {
          "name":  "multi-project",
          "timestamp":  "2020-02-11T20:26:13.000000789Z",
          "httpRequest":  {
            "requestMethod":  "GET",
            "requestUrl":  "/favicon.ico",
            "status":  200,
            "responseSize":  "3990",
            "remoteIp":  "127.0.0.1",
            "protocol":  "HTTP/1.1"
          },
          "labels":  {
            "log.file.name":  "test.log"
          },
          "textPayload":  "127.0.0.1 - - [26/Apr/2022:22:53:37 +0800] \"GET /favicon.ico HTTP/1.1\" 200 3990"
        },
        {
          "name":  "multi-project",
          "timestamp":  "2020-02-11T20:26:13.000000789Z",
          "httpRequest":  {
            "requestMethod":  "GET",
            "requestUrl":  "/",
            "status":  200,
            "responseSize":  "1247",
            "remoteIp":  "127.0.0.1",
            "protocol":  "HTTP/1.1"
          },
          "labels":  {
            "log.file.name":  "test.log"
          },
          "textPayload":  "127.0.0.1 - - [26/Apr/2022:22:53:51 +0800] \"GET / HTTP/1.1\" 200 1247"
        },
        {
          "name":  "multi-project",
          "timestamp":  "2020-02-11T20:26:13.000000789Z",
          "httpRequest":  {
            "requestMethod":  "GET",
            "requestUrl":  "/",
            "status":  200,
            "responseSize":  "1247",
            "remoteIp":  "127.0.0.1",
            "protocol":  "HTTP/1.1"
          },
          "labels":  {
            "log.file.name":  "test.log"
          },
          "textPayload":  "127.0.0.1 - - [26/Apr/2022:22:53:52 +0800] \"GET / HTTP/1.1\" 200 1247"
        },
        {
          "name":  "multi-project",
          "timestamp":  "2020-02-11T20:26:13.000000789Z",
          "httpRequest":  {
            "requestMethod":  "GET",
            "requestUrl":  "/",
            "status":  200,
            "responseSize":  "1247",
            "remoteIp":  "127.0.0.1",
            "protocol":  "HTTP/1.1"
          },
          "labels":  {
            "log.file.name":  "test.log"
          },
          "textPayload":  "127.0.0.1 - - [26/Apr/2022:22:53:53 +0800] \"GET / HTTP/1.1\" 200 1247"
        },
        {
          "name":  "multi-project",
          "timestamp":  "2020-02-11T20:26:13.000000789Z",
          "httpRequest":  {
            "requestMethod":  "GET",
            "requestUrl":  "/",
            "status":  200,
            "responseSize":  "1247",
            "remoteIp":  "127.0.0.1",
            "protocol":  "HTTP/1.1"
          },
          "labels":  {
            "log.file.name":  "test.log"
          },
          "textPayload":  "127.0.0.1 - - [26/Apr/2022:22:53:53 +0800] \"GET / HTTP/1.1\" 200 1247"
        },
        {
          "name":  "multi-project",
          "timestamp":  "2020-02-11T20:26:13.000000789Z",
          "httpRequest":  {
            "requestMethod":  "GET",
            "requestUrl":  "/",
            "status":  200,
            "responseSize":  "1247",
            "remoteIp":  "127.0.0.1",
            "protocol":  "HTTP/1.1"
          },
          "labels":  {
            "log.file.name":  "test.log"
          },
          "textPayload":  "127.0.0.1 - - [26/Apr/2022:22:53:53 +0800] \"GET / HTTP/1.1\" 200 1247"
        },
        {
          "name":  "multi-project",
          "timestamp":  "2020-02-11T20:26:13.000000789Z",
          "httpRequest":  {
            "requestMethod":  "GET",
            "requestUrl":  "/",
            "status":  200,
            "responseSize":  "1247",
            "remoteIp":  "127.0.0.1",
            "protocol":  "HTTP/1.1"
          },
          "labels":  {
            "log.file.name":  "test.log"
          },
          "textPayload":  "127.0.0.1 - - [26/Apr/2022:22:53:53 +0800] \"GET / HTTP/1.1\" 200 1247"
        },
        {
          "name":  "multi-project",
          "timestamp":  "2020-02-11T20:26:13.000000789Z",
          "httpRequest":  {
            "requestMethod":  "GET",
            "requestUrl":  "/",
            "status":  200,
            "responseSize":  "1247",
            "remoteIp":  "127.0.0.1",
            "protocol":  "HTTP/1.1"
          },
          "labels":  {
            "log.file.name":  "test.log"
          },
          "textPayload":  "127.0.0.1 - - [26/Apr/2022:22:53:54 +0800] \"GET / HTTP/1.1\" 200 1247"
        },
        {
          "name":  "multi-project",
          "timestamp":  "2020-02-11T20:26:13.000000789Z",
          "httpRequest":  {
            "requestMethod":  "GET",
            "requestUrl":  "/",
            "status":  200,
            "responseSize":  "1247",
            "remoteIp":  "127.0.0.1",
            "protocol":  "HTTP/1.1"
          },
          "labels":  {
            "log.file.name":  "test.log"
          },
          "textPayload":  "127.0.0.1 - - [26/Apr/2022:22:53:54 +0800] \"GET / HTTP/1.1\" 200 1247"
        },
        {
          "name":  "multi-project",
          "timestamp":  "2020-02-11T20:26:13.000000789Z",
          "httpRequest":  {
            "requestMethod":  "GET",
            "requestUrl":  "/",
            "status":  200,
            "responseSize":  "1247",
            "remoteIp":  "127.0.0.1",
            "protocol":  "HTTP/1.1"
          },
          "labels":  {
            "log.file.name":  "test.log"
          },
          "textPayload":  "127.0.0.1 - - [26/Apr/2022:22:53:54 +0800] \"GET / HTTP/1.1\" 200 1247"
        },
        {
          "name":  "multi-project",
          "timestamp":  "2020-02-11T20:26:13.000000789Z",
          "httpRequest":  {
            "requestMethod":  "GET",
            "requestUrl":  "/",
            "status":  200,
            "responseSize":  "1247",
            "remoteIp":  "127.0.0.1",
            "protocol":  "HTTP/1.1"
          },
          "labels":  {
            "log.file.name":  "test.log"
          },
          "textPayload":  "127.0.0.1 - - [26/Apr/2022:22:53:54 +0800] \"GET / HTTP/1.1\" 200 1247"
        },
        {
          "name":  "multi-project",
          "timestamp":  "2020-02-11T20:26:13.000000789Z",
          "httpRequest":  {
            "requestMethod":  "GET",
            "requestUrl":  "/",
            "status":  200,
            "responseSize":  "1247",
            "remoteIp":  "127.0.0.1",
            "protocol":  "HTTP/1.1"
          },
          "labels":  {
            "log.file.name":  "test.log"
          },
          "textPayload":  "127.0.0.1 - - [26/Apr/2022:22:53:54 +0800] \"GET / HTTP/1.1\" 200 1247"
        },
        {
          "name":  "multi-project",
          "timestamp":  "2020-02-11T20:26:13.000000789Z",
          "httpRequest":  {
            "requestMethod":  "GET",
            "requestUrl":  "/",
            "status":  200,
            "responseSize":  "1247",
            "remoteIp":  "127.0.0.1",
            "protocol":  "HTTP/1.1"
          },
          "labels":  {
            "log.file.name":  "test.log"
          },
          "textPayload":  "127.0.0.1 - - [26/Apr/2022:22:53:54 +0800] \"GET / HTTP/1.1\" 200 1247"
        },
        {
          "name":  "multi-project",
          "timestamp":  "2020-02-11T20:26:13.000000789Z",
          "httpRequest":  {
            "requestMethod":  "GET",
            "requestUrl":  "/",
            "status":  200,
            "responseSize":  "4429",
            "remoteIp":  "127.0.0.2",
            "protocol":  "HTTP/1.1"
          },
          "labels":  {
            "log.file.name":  "test.log"
          },
          "textPayload":  "127.0.0.2 - - [26/Apr/2022:22:54:38 +0800] \"GET / HTTP/1.1\" 200 4429"
        },
        {
          "name":  "multi-project",
          "timestamp":  "2020-02-11T20:26:13.000000789Z",
          "labels":  {
            "log.file.name":  "test.log"
          },
          "textPayload":  "127.0.0.1 - - [26/Apr/2022:22:54:43 +0800] \"-\" 408 -"
        }
      ]
    },
    {
      "operationName":  "log_entry",
      "consumerId":  "fake-other-project",
      "startTime":  "1970-01-01T00:00:00Z",
      "endTime":  "1970-01-01T00:00:00Z",
      "labels":  {
        "cloud.platform":  "gcp_compute_engine"
      },
      "logEntries":  [
        {
          "name":  "multi-project",
          "timestamp":  "2020-02-11T20:26:13.000000789Z",
          "httpRequest":  {
            "requestMethod":  "GET",
            "requestUrl":  "/",
            "status":  200,
            "responseSize":  "1247",
            "remoteIp":  "127.0.0.1",
            "protocol":  "HTTP/1.1"
          },
          "labels":  {
            "log.file.name":  "test.log"
          },
          "textPayload":  "127.0.0.1 - - [26/Apr/2022:22:53:36 +0800] \"GET / HTTP/1.1\" 200 1247"
        },
        {
          "name":  "multi-project",
          "timestamp":  "2020-02-11T20:26:13.000000789Z",
          "httpRequest":  {
            "requestMethod":  "GET",
            "requestUrl":  "/lamp.png",
            "status":  200,
            "responseSize":  "51164",
            "remoteIp":  "127.0.0.1",
            "protocol":  "HTTP/1.1"
          },
          "labels":  {
            "log.file.name":  "test.log"
          },
          "textPayload":  "127.0.0.1 - - [26/Apr/2022:22:53:37 +0800] \"GET /lamp.png HTTP/1.1\" 200 51164"
        },
        {
          "name":  "multi-project",
          "timestamp":  "2020-02-11T20:26:13.000000789Z",
          "httpRequest":  {
            "requestMethod":  "GET",
            "requestUrl":  "/favicon.ico",
            "status":  200,
            "responseSize":  "3990",
            "remoteIp":  "127.0.0.1",
            "protocol":  "HTTP/1.1"
          },
          "labels":  {
            "log.file.name":  "test.log"
          },
          "textPayload":  "127.0.0.1 - - [26/Apr/2022:22:53:37 +0800] \"GET /favicon.ico HTTP/1.1\" 200 3990"
        },
        {
          "name":  "multi-project",
          "timestamp":  "2020-02-11T20:26:13.000000789Z",
          "httpRequest":  {
            "requestMethod":  "GET",
            "requestUrl":  "/",
            "status":  200,
            "responseSize":  "1247",
            "remoteIp":  "127.0.0.1",
            "protocol":  "HTTP/1.1"
          },
          "labels":  {
            "log.file.name":  "test.log"
          },
          "textPayload":  "127.0.0.1 - - [26/Apr/2022:22:53:51 +0800] \"GET / HTTP/1.1\" 200 1247"
        },
        {
          "name":  "multi-project",
          "timestamp":  "2020-02-11T20:26:13.000000789Z",
          "httpRequest":  {
            "requestMethod":  "GET",
            "requestUrl":  "/",
            "status":  200,
            "responseSize":  "1247",
            "remoteIp":  "127.0.0.1",
            "protocol":  "HTTP/1.1"
          },
          "labels":  {
            "log.file.name":  "test.log"
          },
          "textPayload":  "127.0.0.1 - - [26/Apr/2022:22:53:52 +0800] \"GET / HTTP/1.1\" 200 1247"
        },
        {
          "name":  "multi-project",
          "timestamp":  "2020-02-11T20:26:13.000000789Z",
          "httpRequest":  {
            "requestMethod":  "GET",
            "requestUrl":  "/",
            "status":  200,
            "responseSize":  "1247",
            "remoteIp":  "127.0.0.1",
            "protocol":  "HTTP/1.1"
          },
          "labels":  {
            "log.file.name":  "test.log"
          },
          "textPayload":  "127.0.0.1 - - [26/Apr/2022:22:53:53 +0800] \"GET / HTTP/1.1\" 200 1247"
        },
        {
          "name":  "multi-project",
          "timestamp":  "2020-02-11T20:26:13.000000789Z",
          "httpRequest":  {
            "requestMethod":  "GET",
            "requestUrl":  "/",
            "status":  200,
            "responseSize":  "1247",
            "remoteIp":  "127.0.0.1",
            "protocol":  "HTTP/1.1"
          },
          "labels":  {
            "log.file.name":  "test.log"
          },
          "textPayload":  "127.0.0.1 - - [26/Apr/2022:22:53:53 +0800] \"GET / HTTP/1.1\" 200 1247"
        },
        {
          "name":  "multi-project",
          "timestamp":  "2020-02-11T20:26:13.000000789Z",
          "httpRequest":  {
            "requestMethod":  "GET",
            "requestUrl":  "/",
            "status":  200,
            "responseSize":  "1247",
            "remoteIp":  "127.0.0.1",
            "protocol":  "HTTP/1.1"
          },
          "labels":  {
            "log.file.name":  "test.log"
          },
          "textPayload":  "127.0.0.1 - - [26/Apr/2022:22:53:53 +0800] \"GET / HTTP/1.1\" 200 1247"
        },
        {
          "name":  "multi-project",
          "timestamp":  "2020-02-11T20:26:13.000000789Z",
          "httpRequest":  {
            "requestMethod":  "GET",
            "requestUrl":  "/",
            "status":  200,
            "responseSize":  "1247",
            "remoteIp":  "127.0.0.1",
            "protocol":  "HTTP/1.1"
          },
          "labels":  {
            "log.file.name":  "test.log"
          },
          "textPayload":  "127.0.0.1 - - [26/Apr/2022:22:53:53 +0800] \"GET / HTTP/1.1\" 200 1247"
        },
        {
          "name":  "multi-project",
          "timestamp":  "2020-02-11T20:26:13.000000789Z",
          "httpRequest":  {
            "requestMethod":  "GET",
            "requestUrl":  "/",
            "status":  200,
            "responseSize":  "1247",
            "remoteIp":  "127.0.0.1",
            "protocol":  "HTTP/1.1"
          },
          "labels":  {
            "log.file.name":  "test.log"
          },
          "textPayload":  "127.0.0.1 - - [26/Apr/2022:22:53:54 +0800] \"GET / HTTP/1.1\" 200 1247"
        },
        {
          "name":  "multi-project",
          "timestamp":  "2020-02-11T20:26:13.000000789Z",
          "httpRequest":  {
            "requestMethod":  "GET",
            "requestUrl":  "/",
            "status":  200,
            "responseSize":  "1247",
            "remoteIp":  "127.0.0.1",
            "protocol":  "HTTP/1.1"
          },
          "labels":  {
            "log.file.name":  "test.log"
          },
          "textPayload":  "127.0.0.1 - - [26/Apr/2022:22:53:54 +0800] \"GET / HTTP/1.1\" 200 1247"
        },
        {
          "name":  "multi-project",
          "timestamp":  "2020-02-11T20:26:13.000000789Z",
          "httpRequest":  {
            "requestMethod":  "GET",
            "requestUrl":  "/",
            "status":  200,
            "responseSize":  "1247",
            "remoteIp":  "127.0.0.1",
            "protocol":  "HTTP/1.1"
          },
          "labels":  {
            "log.file.name":  "test.log"
          },
          "textPayload":  "127.0.0.1 - - [26/Apr/2022:22:53:54 +0800] \"GET / HTTP/1.1\" 200 1247"
        },
        {
          "name":  "multi-project",
          "timestamp":  "2020-02-11T20:26:13.000000789Z",
          "httpRequest":  {
            "requestMethod":  "GET",
            "requestUrl":  "/",
            "status":  200,
            "responseSize":  "1247",
            "remoteIp":  "127.0.0.1",
            "protocol":  "HTTP/1.1"
          },
          "labels":  {
            "log.file.name":  "test.log"
          },
          "textPayload":  "127.0.0.1 - - [26/Apr/2022:22:53:54 +0800] \"GET / HTTP/1.1\" 200 1247"
        },
        {
          "name":  "multi-project",
          "timestamp":  "2020-02-11T20:26:13.000000789Z",
          "httpRequest":  {
            "requestMethod":  "GET",
            "requestUrl":  "/",
            "status":  200,
            "responseSize":  "1247",
            "remoteIp":  "127.0.0.1",
            "protocol":  "HTTP/1.1"
          },
          "labels":  {
            "log.file.name":  "test.log"
          },
          "textPayload":  "127.0.0.1 - - [26/Apr/2022:22:53:54 +0800] \"GET / HTTP/1.1\" 200 1247"
        },
        {
          "name":  "multi-project",
          "timestamp":  "2020-02-11T20:26:13.000000789Z",
          "httpRequest":  {
            "requestMethod":  "GET",
            "requestUrl":  "/",
            "status":  200,
            "responseSize":  "1247",
            "remoteIp":  "127.0.0.1",
            "protocol":  "HTTP/1.1"
          },
          "labels":  {
            "log.file.name":  "test.log"
          },
          "textPayload":  "127.0.0.1 - - [26/Apr/2022:22:53:54 +0800] \"GET / HTTP/1.1\" 200 1247"
        },
        {
          "name":  "multi-project",
          "timestamp":  "2020-02-11T20:26:13.000000789Z",
          "httpRequest":  {
            "requestMethod":  "GET",
            "requestUrl":  "/",
            "status":  200,
            "responseSize":  "4429",
            "remoteIp":  "127.0.0.2",
            "protocol":  "HTTP/1.1"
          },
          "labels":  {
            "log.file.name":  "test.log"
          },
          "textPayload":  "127.0.0.2 - - [26/Apr/2022:22:54:38 +0800] \"GET / HTTP/1.1\" 200 4429"
        },
        {
          "name":  "multi-project",
          "timestamp":  "2020-02-11T20:26:13.000000789Z",
          "labels":  {
            "log.file.name":  "test.log"
          },
          "textPayload":  "127.0.0.1 - - [26/Apr/2022:22:54:43 +0800] \"-\" 408 -"
        }
      ]
    }
  ],
  "serviceConfigId":  "111-222-333"
}
