{
  "operations": [
    {
      "consumerId": "projects/my-project-id",
      "endTime": "1970-01-01T00:00:00Z",
      "logEntries": [
        {
          "labels": {
            "file.name": "apache.log"
          },
          "name": "my-log-name-foo",
          "structPayload": {
            "body": {
              "level": "info",
              "msg": "this log has IsSampled=0",
              "time": "2022-06-22T16:13:19Z"
            }
          },
          "timestamp": "2020-02-11T20:26:13.000000789Z"
        },
        {
          "labels": {
            "file.name": "apache.log"
          },
          "name": "my-log-name-foo",
          "structPayload": {
            "body": {
              "level": "info",
              "msg": "this log has IsSampled=1",
              "time": "2022-06-22T16:13:19Z"
            }
          },
          "timestamp": "2020-02-11T20:26:13.000000789Z"
        },
        {
          "labels": {
            "file.name": "apache.log"
          },
          "name": "my-log-name-foo",
          "structPayload": {
            "body": {
              "level": "info",
              "msg": "this log has neither flag nor gcp.trace_sampled",
              "time": "2022-06-22T16:13:19Z"
            }
          },
          "timestamp": "2020-02-11T20:26:13.000000789Z"
        },
        {
          "labels": {
            "file.name": "apache.log",
            "gcp.trace_sampled": "false"
          },
          "name": "my-log-name-foo",
          "structPayload": {
            "body": {
              "level": "info",
              "msg": "this log has gcp.trace_sampled=false",
              "time": "2022-06-22T16:13:19Z"
            }
          },
          "timestamp": "2020-02-11T20:26:13.000000789Z"
        },
        {
          "labels": {
            "file.name": "apache.log",
            "gcp.trace_sampled": "true"
          },
          "name": "my-log-name-foo",
          "structPayload": {
            "body": {
              "level": "info",
              "msg": "this log has gcp.trace_sampled=true",
              "time": "2022-06-22T16:13:19Z"
            }
          },
          "timestamp": "2020-02-11T20:26:13.000000789Z"
        }
      ],
      "operationName": "test-operation-name",
      "startTime": "1970-01-01T00:00:00Z"
    }
  ],
  "serviceConfigId": "111-222-333",
  "serviceName": "slmmonitoringdemo.sandbox.googleapis.com"
}
