{
  "serviceName": "slmmonitoringdemo.sandbox.googleapis.com",
  "operations": [
    {
      "operationName": "log_entry",
      "consumerId": "projects/my-project-id",
      "startTime": "1970-01-01T00:00:00Z",
      "endTime": "1970-01-01T00:00:00Z",
      "labels": {
        "cloud.platform": "gcp_compute_engine"
      },
      "logEntries": [
        {
          "name": "apache-error-fixture",
          "timestamp": "2020-02-11T20:26:13.000000789Z",
          "labels": {
            "log.file.name": "test.log"
          },
          "structPayload": {
            "message": "[pid 417652:tid 139808755448704] AH01232: suEXEC mechanism enabled (wrapper: /usr/local/apache/bin/suexec)",
            "severity": "notice",
            "time": "Tue Apr 26 00:46:21.412645 2022"
          }
        },
        {
          "name": "apache-error-fixture",
          "timestamp": "2020-02-11T20:26:13.000000789Z",
          "severity": "WARNING",
          "labels": {
            "log.file.name": "test.log"
          },
          "structPayload": {
            "message": "[pid 417653:tid 139808755448704] AH01873: Init: Session Cache is not configured [hint: SSLSessionCache]",
            "severity": "warn",
            "time": "Tue Apr 26 00:46:21.457314 2022"
          }
        },
        {
          "name": "apache-error-fixture",
          "timestamp": "2020-02-11T20:26:13.000000789Z",
          "labels": {
            "log.file.name": "test.log"
          },
          "structPayload": {
            "message": "[pid 417653:tid 139808755448704] AH00489: Apache/2.4.46 (Unix) OpenSSL/1.1.1g mod_wsgi/4.7.1 Python/3.6 configured -- resuming normal operations",
            "severity": "notice",
            "time": "Tue Apr 26 00:46:21.502940 2022"
          }
        },
        {
          "name": "apache-error-fixture",
          "timestamp": "2020-02-11T20:26:13.000000789Z",
          "labels": {
            "log.file.name": "test.log"
          },
          "structPayload": {
            "message": "[pid 417653:tid 139808755448704] AH00094: Command line: '/usr/local/apache/bin/httpd'",
            "severity": "notice",
            "time": "Tue Apr 26 00:46:21.503003 2022"
          }
        },
        {
          "name": "apache-error-fixture",
          "timestamp": "2020-02-11T20:26:13.000000789Z",
          "labels": {
            "log.file.name": "test.log"
          },
          "structPayload": {
            "message": "[pid 417653:tid 139808755448704] AH00491: caught SIGTERM, shutting down",
            "severity": "notice",
            "time": "Tue Apr 26 00:46:38.988423 2022"
          }
        },
        {
          "name": "apache-error-fixture",
          "timestamp": "2020-02-11T20:26:13.000000789Z",
          "labels": {
            "log.file.name": "test.log"
          },
          "structPayload": {
            "message": "[pid 712:tid 140159306111872] AH01232: suEXEC mechanism enabled (wrapper: /usr/local/apache/bin/suexec)",
            "severity": "notice",
            "time": "Tue Apr 26 22:48:34.466058 2022"
          }
        },
        {
          "name": "apache-error-fixture",
          "timestamp": "2020-02-11T20:26:13.000000789Z",
          "severity": "ERROR",
          "labels": {
            "log.file.name": "test.log"
          },
          "structPayload": {
            "message": "[pid 769:tid 140159306111872] AH01873: Init: Session Cache is not configured [hint: SSLSessionCache]",
            "severity": "error",
            "time": "Tue Apr 26 22:48:34.740290 2022"
          }
        },
        {
          "name": "apache-error-fixture",
          "timestamp": "2020-02-11T20:26:13.000000789Z",
          "labels": {
            "log.file.name": "test.log"
          },
          "structPayload": {
            "message": "[pid 769:tid 140159306111872] AH00489: Apache/2.4.46 (Unix) OpenSSL/1.1.1g mod_wsgi/4.7.1 Python/3.6 configured -- resuming normal operations",
            "severity": "notice",
            "time": "Tue Apr 26 22:48:35.606223 2022"
          }
        },
        {
          "name": "apache-error-fixture",
          "timestamp": "2020-02-11T20:26:13.000000789Z",
          "labels": {
            "log.file.name": "test.log"
          },
          "structPayload": {
            "message": "[pid 769:tid 140159306111872] AH00094: Command line: '/usr/local/apache/bin/httpd'",
            "severity": "notice",
            "time": "Tue Apr 26 22:48:35.606298 2022"
          }
        }
      ]
    }
  ],
  "serviceConfigId": "111-222-333"
}
