components:
  connector: {}
  exporter: {}
  extension: {}
  processor: {}
  provider: {}
  receiver: {}
opentelemetryversions: null
version: ""
