# NOTE: File generated by distrogen. Do not manually edit.

dist:
  module: github.com/GoogleCloudPlatform/opentelemetry-operations-collector/google-built-opentelemetry-collector/cmd/distrogen/testdata/generator/project/golden
  name: otelcol-basic
  description: A basic distribution of the OpenTelemetry Collector
  version: 0.121.0
  output_path: ./_build

receivers:
- gomod: github.com/GoogleCloudPlatform/opentelemetry-operations-collector/components/pretendreceiver v0.1.0
  path: ../components/pretendreceiver
- gomod: go.opentelemetry.io/collector/receiver/otlpreceiver v0.121.0

processors:
- gomod: go.opentelemetry.io/collector/processor/batchprocessor v0.121.0
- gomod: go.opentelemetry.io/collector/processor/memorylimiterprocessor v0.121.0

exporters:
- gomod: go.opentelemetry.io/collector/exporter/otlpexporter v0.121.0

extensions:
- gomod: github.com/open-telemetry/opentelemetry-collector-contrib/extension/pprofextension v0.121.0

connectors:
- gomod: go.opentelemetry.io/collector/connector/forwardconnector v0.121.0

providers:
- gomod: go.opentelemetry.io/collector/confmap/provider/yamlprovider v1.27.0

replaces:
# For a test
- github.com/google/pretend_module v0.69.0 => ./pretend_module
# For a test
- github.com/google/pretend_module v0.69.0 => ./pretend_module

