name: basic-distro
module: github.com/GoogleCloudPlatform/opentelemetry-operations-collector/google-built-opentelemetry-collector/cmd/distrogen/testdata/generator/project/golden
display_name: Basic OTel
description: A basic distribution of the OpenTelemetry Collector
blurb: A basic collector distro
build_container: debian
version: 0.121.0
opentelemetry_version: 0.121.0
opentelemetry_contrib_version: 0.121.0
opentelemetry_stable_version: 1.27.0
go_version: 1.24.0
binary_name: otelcol-basic
build_tags: ""
boringcrypto: false
docker_repo: us-docker.pkg.dev/pretend-repo/otelcol-basic
registries:
- name: test
  source: local
  registryconfig:
    path: ./registry.yaml
components:
  receivers:
  - otlp
  - pretend
  processors:
  - batch
  - memorylimiter
  exporters:
  - otlp
  connectors:
  - forward
  extensions:
  - pprof
  providers:
  - yaml
replaces:
- from: github.com/google/pretend_module v0.69.0
  to: ./pretend_module
  reason: For a test
- from: github.com/google/pretend_module v0.69.0
  to: ./pretend_module
  reason: For a test
feature_gates:
- exporter.googlemanagedprometheus.intToDouble
component_module_base: ""
distrogen_version: ""
